
> vite_react_shadcn_ts@0.0.0 build
> vite build

[36mvite v5.4.21 [32mbuilding for production...[36m[39m
transforming...
[32mظ£ô[39m 5 modules transformed.
node.exe : 
[31mx[39m Build 
failed in 601ms
At C:\Program Files (
x86)\nodejs\npm.ps1:2
9 char:3
+   & $NODE_EXE 
$NPM_CLI_JS $args
+   ~~~~~~~~~~~~~~~~~
~~~~~~~~~~~~
    + CategoryInfo   
           : NotSpe  
  cified: ([31mx   
 [39m Build faile    
d in 601ms:Strin    
g) [], RemoteExc    
eption
    + FullyQualified 
   ErrorId : Native  
  CommandError
 
[31merror during 
build:
[31m[vite:esbuild] 
Transform failed 
with 1 error:
D:/BOO/Comes To Life/
comes-to-life/src/pag
es/ARScanner.tsx:314:
8: ERROR: Expected 
")" but found 
"{"[31m
file: 
[36mD:/BOO/Comes To 
Life/comes-to-life/sr
c/pages/ARScanner.tsx
:314:8[31m
[33m
[33mExpected ")" 
but found "{"[33m
312|              )}
313|            </>
314|          
{viewMode === 
'dictionary' && (
   |          ^
315|            /* 
Dictionary Mode */
316|            
<motion.div
[31m
    at 
failureErrorWithLog 
(D:\BOO\Comes To Life
\comes-to-life\node_m
odules\vite\node_modu
les\esbuild\lib\main.
js:1472:15)
    at D:\BOO\Comes 
To Life\comes-to-life
\node_modules\vite\no
de_modules\esbuild\li
b\main.js:755:50
    at responseCallba
cks.<computed> 
(D:\BOO\Comes To Life
\comes-to-life\node_m
odules\vite\node_modu
les\esbuild\lib\main.
js:622:9)
    at 
handleIncomingPacket 
(D:\BOO\Comes To Life
\comes-to-life\node_m
odules\vite\node_modu
les\esbuild\lib\main.
js:677:12)
    at Socket.readFro
mStdout 
(D:\BOO\Comes To Life
\comes-to-life\node_m
odules\vite\node_modu
les\esbuild\lib\main.
js:600:7)
    at Socket.emit 
(node:events:518:28)
    at addChunk (node
:internal/streams/rea
dable:561:12)
    at readableAddChu
nkPushByteMode (node:
internal/streams/read
able:512:3)
    at Readable.push 
(node:internal/stream
s/readable:392:5)
    at 
Pipe.onStreamRead (no
de:internal/stream_ba
se_commons:189:23)[3
9m
